fs_dir_scenario	1
fs_fs_scenario	0
fs_ftw_scenario	48
fs_glob_scenario	22
fs_meta_access_scenario	1
fs_meta_statvfs_scenario	3
fs_meta_meta_scenario	117
fs_name_scenario	0
fs_symlink_scenario	0
fs_symlink_cancel_scenario	0
fs_tmpfile_scenario	0
io_file_lock_scenario	1
io_file_lockf_scenario	0
io_file_flock_scenario	1
io_file_scenario	0
io_fstream_scenario	1154
io_fstream_wide_scenario	830
io_fstream_action_scenario	1
io_fstream_fputwc_fputc_scenario	0
io_fstream_get_char_1_scenario	0
io_fstream_get_char_2_scenario	0
io_multiplex_scenario	1
io_pipe_blocked_scenario	12
io_pipe_scenario	12
io_syslog_scenario	1
io_term_rw_case_d_scenario	4
io_term_tc_scenario	6
io_term_rw_case_a_scenario	11
io_term_open_tty_scenario	1
io_term_pt_scenario	1
io_term_tcpgrp_scenario	0
io_term_rw_canon_scenario	6
io_term_cf_scenario	0
io_term_cterm_scenario	0
io_term_tty_scenario	0
io_term_rw_case_b_scenario	10
locale_collate_simple_scenario	0
locale_ctrans_simple_scenario	0
locale_ctype_simple_scenario	0
locale_iconv_simple_scenario	0
locale_locale_scenario	0
locale_messages_scenario	1
locale_nlcat_scenario	0
locale_textdomain_scenario	3
locale_wcollate_simple_scenario	0
locale_wctrans_simple_scenario	0
locale_wctype_simple_scenario	0
math_bessel_scenario	3
math_cexp_scenario	13
math_chyper_scenario	26
math_complex_scenario	0
math_ctrig_scenario	26
math_error_scenario	0
math_error_erfc_underflow_scenario	0
math_exp_scenario	12
math_gamma_scenario	0
math_hyper_scenario	1
math_integer_scenario	0
math_rand_scenario	4
math_real_scenario	1
math_real_fdim_overflow_scenario	0
math_trig_scenario	64
memory_break_scenario	0
memory_heap_scenario	0
memory_mman_scenario	0
memory_mman_b1_scenario	0
memory_mman_usual_scenario	0
memory_mman_errors_scenario	0
ncurses_bkgd_simple_scenario	1
ncurses_border_scenario	52
ncurses_char_add_scenario	12
ncurses_chgat_scenario	11
ncurses_chstr_add_scenario	12
ncurses_clear_scenario	45
ncurses_color_scenario	0
ncurses_input_input_scenario	280
ncurses_input_string_scenario	11
ncurses_input_timeout_scenario	1
ncurses_input_char_scenario	18
ncurses_line_rip_scenario	9
ncurses_line_rip_6_scenario	0
ncurses_line_scenario	27
ncurses_misc_scenario	15
ncurses_mode_scenario	13
ncurses_move_scenario	0
ncurses_special_chars_scenario	86
ncurses_screen_scenario	1
ncurses_slk_label_scenario	0
ncurses_slk_scenario	9
ncurses_string_insert_scenario	150
ncurses_string_add_scenario	89
ncurses_string_printf_scenario	7
ncurses_string_scanf_scenario	7
ncurses_terminal_terminfo_scenario	0
ncurses_terminal_termcap_simple_scenario	0
ncurses_terminal_terminal_scenario	2
ncurses_terminal_control_simple_scenario	1
ncurses_window_refresh_scenario	49
ncurses_window_scroll_simple_scenario	10
ncurses_window_window_scenario	31
ncurses_window_attr_scenario	20
ncurses_window_pad_scenario	19
process_context_get_swap_scenario	0
process_context_get_make_set_scenario	0
process_environ_scenario	12
process_fenv_scenario	0
process_goto_scenario	0
process_ipc_ipc_ftok_scenario	0
process_meta_fs_ch_scenario	0
process_meta_fs_wd_scenario	0
process_meta_nice_set_get_priority_scenario	2
process_meta_nice_scenario	1
process_meta_user_scenario	184
process_meta_meta_scenario	0
process_meta_fs_umask_scenario	0
process_pgroup_scenario	0
process_process_popen_pclose_scenario	93
process_process_forkpty_scenario	5
process_process_fork_scenario	5
process_process_exit_scenario	178
process_process_daemon_scenario	24
process_process_abort_scenario	45
process_process__exit_scenario	179
process_process__Exit_scenario	179
process_process___register_atfork_scenario	5
process_process___libc_start_main_scenario	5
process_process_execlp_scenario	215
process_process_execvp_scenario	215
process_process_wait_scenario	53
process_process_return_from_main_scenario	179
process_process_waitpid_scenario	53
process_process_wait4_scenario	53
process_process_vfork_scenario	6
process_process_execve_scenario	215
process_process_execle_scenario	215
process_process_execl_scenario	215
process_process_execv_scenario	215
process_process___cxa_atexit_scenario	6
process_resources_unpriviledged_scenario	0
process_resources_64_unpriviledged_scenario	0
process_resources_64_priviledged_scenario	0
process_resources_priviledged_scenario	0
process_resources_ulimit_priviledged_scenario	0
process_resources_ulimit_unpriviledged_scenario	0
process_scheduler_scenario	0
pthread_attr_scenario	0
pthread_cond_cond_errors_scenario	0
pthread_cond_cond_init_destroy_scenario	3
pthread_cond_cond_single_scenario	1
pthread_cond_condattr_scenario	0
pthread_mutex_mutex_simple_scenario	0
pthread_mutex_mutex_mixed_types_scenario	168
pthread_mutex_mutex_mixed_scenario	5
pthread_mutex_mutexattr_scenario	27
pthread_pthread_cleanup_diff_scenario	123
pthread_pthread_cleanup_simple_scenario	29
pthread_pthread_create_cancel_scenario	243
pthread_pthread_cancelpoints_scenario	2
pthread_pthread_exit_join_scenario	495
pthread_rwlock_rwlock_repeated_lock_scenario	634
pthread_rwlock_rwlock_single_rwlock_scenario	15
pthread_rwlock_rwlock_deadlock_scenario	0
pthread_rwlock_rwlock_errors_scenario	5
pthread_rwlock_rwlock_init_destroy_scenario	8
pthread_rwlock_rwlock_N_rwlock_scenario	983
pthread_rwlock_rwlockattr_scenario	0
pthread_scheduler_scenario	0
pthread_sem_dummy_scenario	0
pthread_sem_complex_scenario	713
pthread_sem_open_close_scenario	1
pthread_tls_tls_scenario	3
pthread_tls_errors_scenario	0
pthread_tls_fork_scenario	0
pthread_tls_setget_scenario	0
signal_sigaction_new_scenario	7
signal_sigctrl_basic_scenario	2
signal_sigsend_additional_scenario	2
signal_sigsend_killpg_scenario	1
signal_sigsend_signal_specific_scenario	4
signal_sigsend_kill_and_sigaction_scenario	153
signal_sigsend_sigqueue_scenario	4
signal_sigset_automatic_scenario	2
signal_sigset_static_scenario	1
signal_sigstr_basic_scenario	0
signal_sigwait_basic_scenario	1
socket_netdata_scenario	0
socket_netdb_servent_name_port_scenario	0
socket_netdb_ent_scenario	0
socket_netdb_servent_scenario	1
socket_netdb_info_scenario	0
socket_netif_simple_scenario	0
socket_rpc_rpc_svc_clnt_scenario	1
socket_rpc_secure_scenario	0
socket_rpc_xdr_scenario	0
socket_rpc_pmap_scenario	0
socket_socket_scenario	0
socket_socket_read_write_scenario	1
socket_socket_advanced_send_scenario	6
socket_socket_msg_scenario	2
system_host_priviledged_scenario	0
system_host_unpriviledged_scenario	0
system_host_scenario	0
system_stat_scenario	0
system_sysconf_scenario	0
system_user_group_cancel_scenario	0
system_user_user_2_scenario	7
system_user_group_scenario	1
system_user_user_scenario	1
system_user_user_cancel_scenario	0
system_user_account_scenario	0
system_user_user_additional_scenario	0
time_clock_scenario	90
time_conversion_scenario	1
time_time_scenario	19
time_timer_alarm_scenario	75
time_timer_created_timers_scenario	55
time_timer_getitimer_setitimer_scenario	657
time_timer_ualarm_scenario	113
time_timer_sleeps_scenario	41
util_assert_simple_assert_scenario	0
util_assert_warn_scenario	6
util_assert_warnx_scenario	6
util_bit_scenario	0
util_compress_scenario	0
util_conversion_strint_scenario	13
util_conversion_strreal_scenario	1
util_conversion_token_scenario	2
util_conversion_wchar_scenario	0
util_conversion_wstrint_scenario	9
util_conversion_wstrreal_scenario	1
util_conversion_wtoken_scenario	1
util_crypt_scenario	1
util_dl_scenario	7
util_float_scenario	0
util_format_fmtmsg_scenario	0
util_format_money_scenario	0
util_format_printf_asprintf_scenario	21
util_format_printf_fprintf_scenario	50
util_format_printf_printf_scenario	9
util_format_printf_snprintf_scenario	43
util_format_printf_sprintf_scenario	9
util_format_printf_vasprintf_scenario	21
util_format_printf_vdprintf_scenario	69
util_format_printf_vfprintf_scenario	51
util_format_printf_vprintf_scenario	10
util_format_printf_vsnprintf_scenario	43
util_format_printf_vsprintf_scenario	10
util_format_scanf_fscanf_scenario	16
util_format_scanf_scanf_scenario	1
util_format_scanf_sscanf_scenario	1
util_format_scanf_vfscanf_scenario	17
util_format_scanf_vscanf_scenario	1
util_format_scanf_vsscanf_scenario	1
util_format_wprintf_fwprintf_scenario	29
util_format_wprintf_swprintf_scenario	21
util_format_wprintf_wprintf_scenario	5
util_format_wprintf_vfwprintf_scenario	29
util_format_wprintf_vswprintf_scenario	21
util_format_wprintf_vwprintf_scenario	5
util_format_wscanf_fwscanf_scenario	39
util_format_wscanf_swscanf_scenario	0
util_format_wscanf_wscanf_scenario	1
util_format_wscanf_vfwscanf_scenario	39
util_format_wscanf_vswscanf_scenario	1
util_format_wscanf_vwscanf_scenario	1
util_format_time_scenario	15
util_format_wtime_scenario	0
util_getopt_scenario	0
util_inet_scenario	1
util_pam_scenario	1
util_regex_scenario	0
util_search_hash_scenario	0
util_search_queue_scenario	0
util_search_tree_scenario	0
util_search_search_scenario	1
util_string_casecmp_scenario	0
util_string_mem_scenario	6
util_string_str_scenario	16
util_string_wcasecmp_scenario	0
util_string_wmem_scenario	9
util_string_wstr_scenario	15
util_wordexp_scenario	0
time_timer_timers_crash_scenario	4
